2024-05-01T03:03:39Z [INFO] inventory-service: retrying after ERROR 502 from upstream
-- last message repeated 5 times --
2024-05-01T03:05:06Z [INFO] inventory-service: User login ok user=139
-- last message repeated 2 times --
2024-04-30T22:06:40-05:00 [ERROR] inventory-service: Stock update failed sku=72
2024-05-01T03:09:30Z [error] inventory-service: Upstream call failed id=413
Traceback (most recent call last):
  File "/srv/inventory/client.py", line 120, in handle
    result = call(payload)
TimeoutError: upstream did not answer in 30s
2024-05-01T03:12:33Z [WARNING] payment-service: Slow query took 838 ms
2024-05-01T10:16:44+07:00 [INFO] inventory-service: Cache warmed in 294 ms
2024-04-30T22:23:03-05:00 [INFO] payment-service: Cache warmed in 244 ms
-- last message repeated 5 times --
2024-05-01T10:26:42+07:00 [WARNING] payment-service: Error rate above threshold id=741
2024-05-01T10:30:04+07:00 [INFO] payment-service: retrying after ERROR 500 from upstream
2024-05-01T10:33:50+07:00 [WARNING] inventory-service: Error rate above threshold id=508
2024-05-01T03:37:33Z [INFO] auth-service: Request served id=966
-- last message repeated 5 times --
2024-04-30T22:42:53-05:00 [INFO] payment-service: User login ok user=554
-- last message repeated 2 times --
2024-05-01T10:43:13+07:00 [Error] auth-service: Charge failed order=222
Traceback (most recent call last):
  File "/srv/auth/client.py", line 120, in handle
    result = call(payload)
TimeoutError: upstream did not answer in 30s
2024-05-01T03:46:01Z [INFO] payment-service: retrying after ERROR 502 from upstream
-- last message repeated 3 times --
2024-05-01T10:51:53+07:00 [WARN] auth-service: Retrying request id=88
2024-05-01T10:52:51+07:00 [INFO] payment-service: Cache warmed in 214 ms
2024-04-30T22:54:35-05:00 [Error] inventory-service: Stock update failed sku=148
-- last message repeated 2 times --
2024-04-30T22:56:45-05:00 [Error] payment-service: Upstream call failed id=811
Traceback (most recent call last):
  File "/srv/payment/client.py", line 120, in handle
    result = call(payload)
TimeoutError: upstream did not answer in 30s
2024-05-01T11:02:04+07:00 [error] payment-service: Charge failed order=28
2024-04-30T23:02:32-05:00 [INFO] payment-service: retrying after ERROR 500 from upstream
2024-04-30T23:06:19-05:00 [CRITICAL] auth-service: Queue overflow depth=515
Traceback (most recent call last):
  File "/srv/auth/stock.py", line 41, in handle
    result = call(payload)
KeyError: 'sku'
2024-05-01T04:08:17Z [ERROR] inventory-service: Upstream call failed id=191
Traceback (most recent call last):
  File "/srv/inventory/charge.py", line 88, in handle
    result = call(payload)
ValueError: invalid card number
2024-05-01T11:14:32+07:00 [INFO] payment-service: retrying after ERROR 500 from upstream
-- last message repeated 2 times --
2024-05-01T04:17:25Z [CRITICAL] inventory-service: Queue overflow depth=417
Traceback (most recent call last):
  File "/srv/inventory/client.py", line 120, in handle
    result = call(payload)
TimeoutError: upstream did not answer in 30s
2024-05-01T04:22:27Z [DEBUG] inventory-service: Loaded config rev=879
-- last message repeated 3 times --
2024-05-01T11:25:11+07:00 [critical] payment-service: Queue overflow depth=327
Traceback (most recent call last):
  File "/srv/payment/stock.py", line 41, in handle
    result = call(payload)
KeyError: 'sku'
2024-04-30T23:30:52-05:00 [INFO] payment-service: retrying after ERROR 502 from upstream
2024-05-01T04:34:07Z [DEBUG] auth-service: Pool size=519
2024-05-01T11:35:24+07:00 [INFO] inventory-service: Request served id=852
-- last message repeated 2 times --
2024-05-01T04:37:53Z [WARNING] inventory-service: Slow query took 287 ms
2024-05-01T11:39:05+07:00 [WARNING] auth-service: Slow query took 288 ms
2024-04-30T23:44:39-05:00 [INFO] auth-service: Cache warmed in 116 ms
2024-05-01T11:45:05+07:00 [INFO] payment-service: Cache warmed in 414 ms
-- last message repeated 3 times --
2024-05-01T04:49:49Z [ERROR] auth-service: Charge failed order=741
Traceback (most recent call last):
  File "/srv/auth/client.py", line 120, in handle
    result = call(payload)
TimeoutError: upstream did not answer in 30s
2024-05-01T11:49:58+07:00 [WARNING] auth-service: Error rate above threshold id=764
-- last message repeated 4 times --
2024-05-01T11:50:54+07:00 [Error] inventory-service: Charge failed order=471
Traceback (most recent call last):
  File "/srv/inventory/charge.py", line 88, in handle
    result = call(payload)
ValueError: invalid card number
2024-05-01T04:54:37Z [INFO] auth-service: Cache warmed in 867 ms
2024-05-01T11:56:56+07:00 [critical] payment-service: Database unreachable node=640
2024-05-01T04:59:37Z [DEBUG] payment-service: Pool size=88
2024-05-01T00:05:36-05:00 [ERROR] auth-service: Upstream call failed id=988
2024-05-01T00:11:59-05:00 [DEBUG] payment-service: Pool size=620
-- last message repeated 3 times --
2024-05-01T00:15:13-05:00 [Error] auth-service: Stock update failed sku=935
Traceback (most recent call last):
  File "/srv/auth/charge.py", line 88, in handle
    result = call(payload)
ValueError: invalid card number
2024-05-01T12:16:10+07:00 [WARN] payment-service: Retrying request id=440
2024-05-01T05:18:36Z [Error] payment-service: Charge failed order=777
Traceback (most recent call last):
  File "/srv/payment/charge.py", line 88, in handle
    result = call(payload)
ValueError: invalid card number
2024-05-01T12:19:09+07:00 [INFO] auth-service: retrying after ERROR 502 from upstream
2024-05-01T12:22:52+07:00 [ERROR] auth-service: Charge failed order=365
Traceback (most recent call last):
  File "/srv/auth/client.py", line 120, in handle
    result = call(payload)
TimeoutError: upstream did not answer in 30s
2024-05-01T00:23:39-05:00 [INFO] auth-service: retrying after ERROR 503 from upstream
2024-05-01T12:26:04+07:00 [INFO] auth-service: User login ok user=543
2024-05-01T05:29:03Z [ERROR] auth-service: Upstream call failed id=830
Traceback (most recent call last):
  File "/srv/auth/client.py", line 77, in handle
    result = call(payload)
ConnectionResetError: peer closed connection
2024-05-01T12:33:10+07:00 [WARN] auth-service: Retrying request id=186
2024-05-01T12:33:38+07:00 [Error] payment-service: Charge failed order=900
2024-05-01T05:37:34Z [error] inventory-service: Charge failed order=266
Traceback (most recent call last):
  File "/srv/inventory/client.py", line 120, in handle
    result = call(payload)
TimeoutError: upstream did not answer in 30s
2024-05-01T00:41:52-05:00 [Error] auth-service: Stock update failed sku=644
Traceback (most recent call last):
  File "/srv/auth/charge.py", line 88, in handle
    result = call(payload)
ValueError: invalid card number
2024-05-01T05:42:52Z [INFO] auth-service: Cache warmed in 892 ms
-- last message repeated 5 times --
2024-05-01T00:44:27-05:00 [INFO] inventory-service: Cache warmed in 955 ms
2024-05-01T00:47:51-05:00 [INFO] auth-service: Cache warmed in 26 ms
2024-05-01T00:53:17-05:00 [WARNING] payment-service: Error rate above threshold id=557
2024-05-01T00:53:45-05:00 [INFO] inventory-service: retrying after ERROR 502 from upstream
-- last message repeated 5 times --
2024-05-01T12:59:27+07:00 [INFO] auth-service: User login ok user=820
-- last message repeated 5 times --
2024-05-01T13:01:43+07:00 [error] payment-service: Upstream call failed id=614
2024-05-01T01:04:08-05:00 [Error] payment-service: Stock update failed sku=30
Traceback (most recent call last):
  File "/srv/payment/client.py", line 77, in handle
    result = call(payload)
ConnectionResetError: peer closed connection
2024-05-01T01:04:43-05:00 [INFO] auth-service: Cache warmed in 593 ms
-- last message repeated 3 times --
2024-05-01T13:05:25+07:00 [INFO] payment-service: Cache warmed in 925 ms
2024-05-01T06:07:18Z [INFO] payment-service: retrying after ERROR 502 from upstream
2024-05-01T01:08:52-05:00 [DEBUG] inventory-service: Pool size=774
2024-05-01T06:13:13Z [DEBUG] inventory-service: Loaded config rev=358
2024-05-01T06:15:46Z [WARNING] inventory-service: Error rate above threshold id=619
2024-05-01T06:19:16Z [Error] inventory-service: Upstream call failed id=858
Traceback (most recent call last):
  File "/srv/inventory/client.py", line 120, in handle
    result = call(payload)
TimeoutError: upstream did not answer in 30s
2024-05-01T13:19:56+07:00 [ERROR] inventory-service: Upstream call failed id=669
-- last message repeated 2 times --
2024-05-01T01:20:24-05:00 [DEBUG] inventory-service: Pool size=11
